[2026-01-26T14:32:13.895+0000] {logging_mixin.py:151} INFO - Changing /opt/***/logs/dag_id=stock_etl_simple/run_id=scheduled__2026-01-25T14:32:12.414914+00:00/task_id=process_stock_data permission to 509
[2026-01-26T14:32:13.922+0000] {logging_mixin.py:151} INFO - Changing /opt/***/logs/dag_id=stock_etl_simple/run_id=scheduled__2026-01-25T14:32:12.414914+00:00/task_id=process_stock_data permission to 509
[2026-01-26T14:32:13.956+0000] {taskinstance.py:1157} INFO - Dependencies all met for dep_context=non-requeueable deps ti=<TaskInstance: stock_etl_simple.process_stock_data scheduled__2026-01-25T14:32:12.414914+00:00 [queued]>
[2026-01-26T14:32:13.968+0000] {taskinstance.py:1157} INFO - Dependencies all met for dep_context=requeueable deps ti=<TaskInstance: stock_etl_simple.process_stock_data scheduled__2026-01-25T14:32:12.414914+00:00 [queued]>
[2026-01-26T14:32:13.969+0000] {taskinstance.py:1359} INFO - Starting attempt 1 of 2
[2026-01-26T14:32:13.986+0000] {taskinstance.py:1380} INFO - Executing <Task(PythonOperator): process_stock_data> on 2026-01-25 14:32:12.414914+00:00
[2026-01-26T14:32:13.993+0000] {standard_task_runner.py:57} INFO - Started process 330 to run task
[2026-01-26T14:32:13.997+0000] {standard_task_runner.py:84} INFO - Running: ['***', 'tasks', 'run', 'stock_etl_simple', 'process_stock_data', 'scheduled__2026-01-25T14:32:12.414914+00:00', '--job-id', '15', '--raw', '--subdir', 'DAGS_FOLDER/stock_etl_simple.py', '--cfg-path', '/tmp/tmpdcrx5gmz']
[2026-01-26T14:32:13.999+0000] {standard_task_runner.py:85} INFO - Job 15: Subtask process_stock_data
[2026-01-26T14:32:14.026+0000] {logging_mixin.py:151} WARNING - /home/***/.local/lib/python3.8/site-packages/***/settings.py:195 DeprecationWarning: The sql_alchemy_conn option in [core] has been moved to the sql_alchemy_conn option in [database] - the old setting has been used, but please update your config.
[2026-01-26T14:32:14.211+0000] {logging_mixin.py:151} INFO - Changing /opt/***/logs/dag_id=stock_etl_simple/run_id=scheduled__2026-01-25T14:32:12.414914+00:00/task_id=process_stock_data permission to 509
[2026-01-26T14:32:14.212+0000] {task_command.py:415} INFO - Running <TaskInstance: stock_etl_simple.process_stock_data scheduled__2026-01-25T14:32:12.414914+00:00 [running]> on host 49edcfcf4b7f
[2026-01-26T14:32:14.292+0000] {taskinstance.py:1660} INFO - Exporting env vars: AIRFLOW_CTX_DAG_OWNER='***' AIRFLOW_CTX_DAG_ID='stock_etl_simple' AIRFLOW_CTX_TASK_ID='process_stock_data' AIRFLOW_CTX_EXECUTION_DATE='2026-01-25T14:32:12.414914+00:00' AIRFLOW_CTX_TRY_NUMBER='1' AIRFLOW_CTX_DAG_RUN_ID='scheduled__2026-01-25T14:32:12.414914+00:00'
[2026-01-26T14:32:14.293+0000] {logging_mixin.py:151} INFO - 🚀 Début du traitement des stocks
[2026-01-26T14:32:14.294+0000] {logging_mixin.py:151} INFO - 📂 Fichiers trouvés: 3
[2026-01-26T14:32:14.295+0000] {logging_mixin.py:151} INFO -    - AAPL_2026-01-26 06:13:30.297050+00:00.csv
[2026-01-26T14:32:14.295+0000] {logging_mixin.py:151} INFO -    - GOOGL_2026-01-26 06:13:31.897613+00:00.csv
[2026-01-26T14:32:14.295+0000] {logging_mixin.py:151} INFO -    - MSFT_2026-01-26 06:13:31.074172+00:00.csv
[2026-01-26T14:32:14.295+0000] {logging_mixin.py:151} INFO - 
================================================================================
[2026-01-26T14:32:14.296+0000] {logging_mixin.py:151} INFO - 📄 Traitement de : AAPL_2026-01-26 06:13:30.297050+00:00.csv
[2026-01-26T14:32:14.297+0000] {logging_mixin.py:151} INFO - ================================================================================
[2026-01-26T14:32:14.298+0000] {logging_mixin.py:151} INFO -   1️⃣ Lecture du CSV...
[2026-01-26T14:32:14.307+0000] {logging_mixin.py:151} INFO -      ✅ Lu 1018 lignes
[2026-01-26T14:32:14.308+0000] {logging_mixin.py:151} INFO -      Colonnes: ['Date', 'Open', 'High', 'Low', 'Close', 'Volume', 'Dividends', 'Stock Splits', 'symbol', 'extracted_at']
[2026-01-26T14:32:14.308+0000] {logging_mixin.py:151} INFO -   2️⃣ Nettoyage des colonnes...
[2026-01-26T14:32:14.310+0000] {logging_mixin.py:151} INFO -      ✅ Colonnes nettoyées: ['date', 'open', 'high', 'low', 'close', 'volume', 'dividends', 'stock_splits', 'symbol', 'extracted_at']
[2026-01-26T14:32:14.310+0000] {logging_mixin.py:151} INFO -   3️⃣ Conversion des dates...
[2026-01-26T14:32:14.329+0000] {logging_mixin.py:151} INFO -      ✅ Dates converties
[2026-01-26T14:32:14.330+0000] {logging_mixin.py:151} INFO -   4️⃣ Nettoyage des données...
[2026-01-26T14:32:14.340+0000] {logging_mixin.py:151} INFO -      ✅ 1018 → 1018 lignes (après nettoyage)
[2026-01-26T14:32:14.341+0000] {logging_mixin.py:151} INFO -   5️⃣ Connexion à la base de données...
[2026-01-26T14:32:17.960+0000] {logging_mixin.py:151} INFO -      ❌ ERREUR: could not translate host name "postgres" to address: Name or service not known
[2026-01-26T14:32:17.964+0000] {logging_mixin.py:151} INFO -      Traceback (most recent call last):
  File "/opt/***/dags/stock_etl_simple.py", line 72, in process_stocks
    conn = psycopg2.connect(**db_config)
  File "/home/***/.local/lib/python3.8/site-packages/psycopg2/__init__.py", line 122, in connect
    conn = _connect(dsn, connection_factory=connection_factory, **kwasync)
psycopg2.OperationalError: could not translate host name "postgres" to address: Name or service not known
[2026-01-26T14:32:17.966+0000] {logging_mixin.py:151} INFO - 
================================================================================
[2026-01-26T14:32:17.968+0000] {logging_mixin.py:151} INFO - 📄 Traitement de : GOOGL_2026-01-26 06:13:31.897613+00:00.csv
[2026-01-26T14:32:17.969+0000] {logging_mixin.py:151} INFO - ================================================================================
[2026-01-26T14:32:17.970+0000] {logging_mixin.py:151} INFO -   1️⃣ Lecture du CSV...
[2026-01-26T14:32:17.987+0000] {logging_mixin.py:151} INFO -      ✅ Lu 1018 lignes
[2026-01-26T14:32:17.989+0000] {logging_mixin.py:151} INFO -      Colonnes: ['Date', 'Open', 'High', 'Low', 'Close', 'Volume', 'Dividends', 'Stock Splits', 'symbol', 'extracted_at']
[2026-01-26T14:32:17.989+0000] {logging_mixin.py:151} INFO -   2️⃣ Nettoyage des colonnes...
[2026-01-26T14:32:17.991+0000] {logging_mixin.py:151} INFO -      ✅ Colonnes nettoyées: ['date', 'open', 'high', 'low', 'close', 'volume', 'dividends', 'stock_splits', 'symbol', 'extracted_at']
[2026-01-26T14:32:17.992+0000] {logging_mixin.py:151} INFO -   3️⃣ Conversion des dates...
[2026-01-26T14:32:18.013+0000] {logging_mixin.py:151} INFO -      ✅ Dates converties
[2026-01-26T14:32:18.014+0000] {logging_mixin.py:151} INFO -   4️⃣ Nettoyage des données...
[2026-01-26T14:32:18.019+0000] {logging_mixin.py:151} INFO -      ✅ 1018 → 1018 lignes (après nettoyage)
[2026-01-26T14:32:18.020+0000] {logging_mixin.py:151} INFO -   5️⃣ Connexion à la base de données...
[2026-01-26T14:32:21.457+0000] {logging_mixin.py:151} INFO -      ❌ ERREUR: could not translate host name "postgres" to address: Name or service not known
[2026-01-26T14:32:21.458+0000] {logging_mixin.py:151} INFO -      Traceback (most recent call last):
  File "/opt/***/dags/stock_etl_simple.py", line 72, in process_stocks
    conn = psycopg2.connect(**db_config)
  File "/home/***/.local/lib/python3.8/site-packages/psycopg2/__init__.py", line 122, in connect
    conn = _connect(dsn, connection_factory=connection_factory, **kwasync)
psycopg2.OperationalError: could not translate host name "postgres" to address: Name or service not known
[2026-01-26T14:32:21.459+0000] {logging_mixin.py:151} INFO - 
================================================================================
[2026-01-26T14:32:21.459+0000] {logging_mixin.py:151} INFO - 📄 Traitement de : MSFT_2026-01-26 06:13:31.074172+00:00.csv
[2026-01-26T14:32:21.459+0000] {logging_mixin.py:151} INFO - ================================================================================
[2026-01-26T14:32:21.460+0000] {logging_mixin.py:151} INFO -   1️⃣ Lecture du CSV...
[2026-01-26T14:32:21.469+0000] {logging_mixin.py:151} INFO -      ✅ Lu 1018 lignes
[2026-01-26T14:32:21.469+0000] {logging_mixin.py:151} INFO -      Colonnes: ['Date', 'Open', 'High', 'Low', 'Close', 'Volume', 'Dividends', 'Stock Splits', 'symbol', 'extracted_at']
[2026-01-26T14:32:21.470+0000] {logging_mixin.py:151} INFO -   2️⃣ Nettoyage des colonnes...
[2026-01-26T14:32:21.471+0000] {logging_mixin.py:151} INFO -      ✅ Colonnes nettoyées: ['date', 'open', 'high', 'low', 'close', 'volume', 'dividends', 'stock_splits', 'symbol', 'extracted_at']
[2026-01-26T14:32:21.472+0000] {logging_mixin.py:151} INFO -   3️⃣ Conversion des dates...
[2026-01-26T14:32:21.486+0000] {logging_mixin.py:151} INFO -      ✅ Dates converties
[2026-01-26T14:32:21.487+0000] {logging_mixin.py:151} INFO -   4️⃣ Nettoyage des données...
[2026-01-26T14:32:21.492+0000] {logging_mixin.py:151} INFO -      ✅ 1018 → 1018 lignes (après nettoyage)
[2026-01-26T14:32:21.492+0000] {logging_mixin.py:151} INFO -   5️⃣ Connexion à la base de données...
[2026-01-26T14:32:25.461+0000] {logging_mixin.py:151} INFO -      ❌ ERREUR: could not translate host name "postgres" to address: Name or service not known
[2026-01-26T14:32:25.463+0000] {logging_mixin.py:151} INFO -      Traceback (most recent call last):
  File "/opt/***/dags/stock_etl_simple.py", line 72, in process_stocks
    conn = psycopg2.connect(**db_config)
  File "/home/***/.local/lib/python3.8/site-packages/psycopg2/__init__.py", line 122, in connect
    conn = _connect(dsn, connection_factory=connection_factory, **kwasync)
psycopg2.OperationalError: could not translate host name "postgres" to address: Name or service not known
[2026-01-26T14:32:25.464+0000] {logging_mixin.py:151} INFO - 
================================================================================
[2026-01-26T14:32:25.465+0000] {logging_mixin.py:151} INFO - 📊 RÉSUMÉ FINAL
[2026-01-26T14:32:25.466+0000] {logging_mixin.py:151} INFO - ================================================================================
[2026-01-26T14:32:25.467+0000] {logging_mixin.py:151} INFO - ✅ Succès: 0
[2026-01-26T14:32:25.468+0000] {logging_mixin.py:151} INFO - ❌ Échecs: 3
[2026-01-26T14:32:25.469+0000] {logging_mixin.py:151} INFO - 
🔍 Erreurs détaillées:
[2026-01-26T14:32:25.470+0000] {logging_mixin.py:151} INFO -    - AAPL_2026-01-26 06:13:30.297050+00:00.csv: could not translate host name "postgres" to address: Name or service not known
[2026-01-26T14:32:25.470+0000] {logging_mixin.py:151} INFO -    - GOOGL_2026-01-26 06:13:31.897613+00:00.csv: could not translate host name "postgres" to address: Name or service not known
[2026-01-26T14:32:25.471+0000] {logging_mixin.py:151} INFO -    - MSFT_2026-01-26 06:13:31.074172+00:00.csv: could not translate host name "postgres" to address: Name or service not known
[2026-01-26T14:32:25.472+0000] {logging_mixin.py:151} INFO - ================================================================================
[2026-01-26T14:32:25.473+0000] {python.py:194} INFO - Done. Returned value was: Done: 0 succeeded, 3 failed
[2026-01-26T14:32:25.515+0000] {taskinstance.py:1398} INFO - Marking task as SUCCESS. dag_id=stock_etl_simple, task_id=process_stock_data, execution_date=20260125T143212, start_date=20260126T143213, end_date=20260126T143225
[2026-01-26T14:32:25.570+0000] {local_task_job_runner.py:228} INFO - Task exited with return code 0
[2026-01-26T14:32:25.691+0000] {taskinstance.py:2776} INFO - 0 downstream tasks scheduled from follow-on schedule check
