[2026-01-26T15:05:40.140+0000] {logging_mixin.py:151} INFO - Changing /opt/***/logs/dag_id=stock_etl_pipeline/run_id=manual__2026-01-26T15:05:36.491832+00:00/task_id=run_etl_simple permission to 509
[2026-01-26T15:05:40.187+0000] {logging_mixin.py:151} INFO - Changing /opt/***/logs/dag_id=stock_etl_pipeline/run_id=manual__2026-01-26T15:05:36.491832+00:00/task_id=run_etl_simple permission to 509
[2026-01-26T15:05:40.222+0000] {taskinstance.py:1157} INFO - Dependencies all met for dep_context=non-requeueable deps ti=<TaskInstance: stock_etl_pipeline.run_etl_simple manual__2026-01-26T15:05:36.491832+00:00 [queued]>
[2026-01-26T15:05:40.232+0000] {taskinstance.py:1157} INFO - Dependencies all met for dep_context=requeueable deps ti=<TaskInstance: stock_etl_pipeline.run_etl_simple manual__2026-01-26T15:05:36.491832+00:00 [queued]>
[2026-01-26T15:05:40.232+0000] {taskinstance.py:1359} INFO - Starting attempt 1 of 1
[2026-01-26T15:05:40.248+0000] {taskinstance.py:1380} INFO - Executing <Task(PythonOperator): run_etl_simple> on 2026-01-26 15:05:36.491832+00:00
[2026-01-26T15:05:40.254+0000] {standard_task_runner.py:57} INFO - Started process 202 to run task
[2026-01-26T15:05:40.257+0000] {standard_task_runner.py:84} INFO - Running: ['***', 'tasks', 'run', 'stock_etl_pipeline', 'run_etl_simple', 'manual__2026-01-26T15:05:36.491832+00:00', '--job-id', '32', '--raw', '--subdir', 'DAGS_FOLDER/stock_etl_pipeline.py', '--cfg-path', '/tmp/tmp4l07f6on']
[2026-01-26T15:05:40.260+0000] {standard_task_runner.py:85} INFO - Job 32: Subtask run_etl_simple
[2026-01-26T15:05:40.287+0000] {logging_mixin.py:151} WARNING - /home/***/.local/lib/python3.8/site-packages/***/settings.py:195 DeprecationWarning: The sql_alchemy_conn option in [core] has been moved to the sql_alchemy_conn option in [database] - the old setting has been used, but please update your config.
[2026-01-26T15:05:40.324+0000] {logging_mixin.py:151} INFO - Changing /opt/***/logs/dag_id=stock_etl_pipeline/run_id=manual__2026-01-26T15:05:36.491832+00:00/task_id=run_etl_simple permission to 509
[2026-01-26T15:05:40.325+0000] {task_command.py:415} INFO - Running <TaskInstance: stock_etl_pipeline.run_etl_simple manual__2026-01-26T15:05:36.491832+00:00 [running]> on host 618cd98417d3
[2026-01-26T15:05:40.423+0000] {taskinstance.py:1660} INFO - Exporting env vars: AIRFLOW_CTX_DAG_OWNER='***' AIRFLOW_CTX_DAG_ID='stock_etl_pipeline' AIRFLOW_CTX_TASK_ID='run_etl_simple' AIRFLOW_CTX_EXECUTION_DATE='2026-01-26T15:05:36.491832+00:00' AIRFLOW_CTX_TRY_NUMBER='1' AIRFLOW_CTX_DAG_RUN_ID='manual__2026-01-26T15:05:36.491832+00:00'
[2026-01-26T15:05:42.032+0000] {logging_mixin.py:151} INFO - ================================================================================
[2026-01-26T15:05:42.033+0000] {logging_mixin.py:151} INFO - DÉBUT DU PIPELINE SIMPLE
[2026-01-26T15:05:42.033+0000] {logging_mixin.py:151} INFO - ================================================================================
[2026-01-26T15:05:42.033+0000] {logging_mixin.py:151} INFO - Dossier data : /opt/***/data/raw
[2026-01-26T15:05:42.034+0000] {logging_mixin.py:151} INFO - Existe : True
[2026-01-26T15:05:42.034+0000] {logging_mixin.py:151} INFO - ✅ Trouvé 3 fichiers CSV
[2026-01-26T15:05:42.035+0000] {logging_mixin.py:151} INFO -   - AAPL_2026-01-26 06:13:30.297050+00:00.csv
[2026-01-26T15:05:42.035+0000] {logging_mixin.py:151} INFO -   - GOOGL_2026-01-26 06:13:31.897613+00:00.csv
[2026-01-26T15:05:42.035+0000] {logging_mixin.py:151} INFO -   - MSFT_2026-01-26 06:13:31.074172+00:00.csv
[2026-01-26T15:05:42.036+0000] {logging_mixin.py:151} INFO - 
--------------------------------------------------------------------------------
[2026-01-26T15:05:42.036+0000] {logging_mixin.py:151} INFO - 📄 Traitement de : AAPL_2026-01-26 06:13:30.297050+00:00.csv
[2026-01-26T15:05:42.036+0000] {logging_mixin.py:151} INFO - --------------------------------------------------------------------------------
[2026-01-26T15:05:42.036+0000] {logging_mixin.py:151} INFO -   1️⃣ Lecture du CSV...
[2026-01-26T15:05:42.041+0000] {logging_mixin.py:151} INFO -      ✅ Lu 1018 lignes
[2026-01-26T15:05:42.042+0000] {logging_mixin.py:151} INFO -      Colonnes: ['Date', 'Open', 'High', 'Low', 'Close', 'Volume', 'Dividends', 'Stock Splits', 'symbol', 'extracted_at']
[2026-01-26T15:05:42.042+0000] {logging_mixin.py:151} INFO -   2️⃣ Nettoyage des colonnes...
[2026-01-26T15:05:42.043+0000] {logging_mixin.py:151} INFO -      ✅ Colonnes nettoyées: ['date', 'open', 'high', 'low', 'close', 'volume', 'dividends', 'stock_splits', 'symbol', 'extracted_at']
[2026-01-26T15:05:42.043+0000] {logging_mixin.py:151} INFO -   3️⃣ Conversion des dates...
[2026-01-26T15:05:42.052+0000] {logging_mixin.py:151} INFO -      ✅ Dates converties
[2026-01-26T15:05:42.052+0000] {logging_mixin.py:151} INFO -   4️⃣ Nettoyage des données...
[2026-01-26T15:05:42.057+0000] {logging_mixin.py:151} INFO -      ✅ 1018 → 1018 lignes (après nettoyage)
[2026-01-26T15:05:42.057+0000] {logging_mixin.py:151} INFO -   5️⃣ Connexion à la base de données...
[2026-01-26T15:05:42.061+0000] {logging_mixin.py:151} INFO -      ✅ Connecté
[2026-01-26T15:05:42.061+0000] {logging_mixin.py:151} INFO -   6️⃣ Insertion des données...
[2026-01-26T15:05:42.495+0000] {logging_mixin.py:151} INFO -      ✅ 0 lignes insérées, 1018 doublons ignorés
[2026-01-26T15:05:42.495+0000] {logging_mixin.py:151} INFO -   ✅ Fichier traité avec succès !
[2026-01-26T15:05:42.495+0000] {logging_mixin.py:151} INFO - 
--------------------------------------------------------------------------------
[2026-01-26T15:05:42.496+0000] {logging_mixin.py:151} INFO - 📄 Traitement de : GOOGL_2026-01-26 06:13:31.897613+00:00.csv
[2026-01-26T15:05:42.496+0000] {logging_mixin.py:151} INFO - --------------------------------------------------------------------------------
[2026-01-26T15:05:42.496+0000] {logging_mixin.py:151} INFO -   1️⃣ Lecture du CSV...
[2026-01-26T15:05:42.500+0000] {logging_mixin.py:151} INFO -      ✅ Lu 1018 lignes
[2026-01-26T15:05:42.501+0000] {logging_mixin.py:151} INFO -      Colonnes: ['Date', 'Open', 'High', 'Low', 'Close', 'Volume', 'Dividends', 'Stock Splits', 'symbol', 'extracted_at']
[2026-01-26T15:05:42.501+0000] {logging_mixin.py:151} INFO -   2️⃣ Nettoyage des colonnes...
[2026-01-26T15:05:42.502+0000] {logging_mixin.py:151} INFO -      ✅ Colonnes nettoyées: ['date', 'open', 'high', 'low', 'close', 'volume', 'dividends', 'stock_splits', 'symbol', 'extracted_at']
[2026-01-26T15:05:42.502+0000] {logging_mixin.py:151} INFO -   3️⃣ Conversion des dates...
[2026-01-26T15:05:42.508+0000] {logging_mixin.py:151} INFO -      ✅ Dates converties
[2026-01-26T15:05:42.508+0000] {logging_mixin.py:151} INFO -   4️⃣ Nettoyage des données...
[2026-01-26T15:05:42.513+0000] {logging_mixin.py:151} INFO -      ✅ 1018 → 1018 lignes (après nettoyage)
[2026-01-26T15:05:42.513+0000] {logging_mixin.py:151} INFO -   5️⃣ Connexion à la base de données...
[2026-01-26T15:05:42.517+0000] {logging_mixin.py:151} INFO -      ✅ Connecté
[2026-01-26T15:05:42.517+0000] {logging_mixin.py:151} INFO -   6️⃣ Insertion des données...
[2026-01-26T15:05:43.021+0000] {logging_mixin.py:151} INFO -      ✅ 0 lignes insérées, 1018 doublons ignorés
[2026-01-26T15:05:43.022+0000] {logging_mixin.py:151} INFO -   ✅ Fichier traité avec succès !
[2026-01-26T15:05:43.022+0000] {logging_mixin.py:151} INFO - 
--------------------------------------------------------------------------------
[2026-01-26T15:05:43.022+0000] {logging_mixin.py:151} INFO - 📄 Traitement de : MSFT_2026-01-26 06:13:31.074172+00:00.csv
[2026-01-26T15:05:43.023+0000] {logging_mixin.py:151} INFO - --------------------------------------------------------------------------------
[2026-01-26T15:05:43.023+0000] {logging_mixin.py:151} INFO -   1️⃣ Lecture du CSV...
[2026-01-26T15:05:43.028+0000] {logging_mixin.py:151} INFO -      ✅ Lu 1018 lignes
[2026-01-26T15:05:43.028+0000] {logging_mixin.py:151} INFO -      Colonnes: ['Date', 'Open', 'High', 'Low', 'Close', 'Volume', 'Dividends', 'Stock Splits', 'symbol', 'extracted_at']
[2026-01-26T15:05:43.028+0000] {logging_mixin.py:151} INFO -   2️⃣ Nettoyage des colonnes...
[2026-01-26T15:05:43.029+0000] {logging_mixin.py:151} INFO -      ✅ Colonnes nettoyées: ['date', 'open', 'high', 'low', 'close', 'volume', 'dividends', 'stock_splits', 'symbol', 'extracted_at']
[2026-01-26T15:05:43.029+0000] {logging_mixin.py:151} INFO -   3️⃣ Conversion des dates...
[2026-01-26T15:05:43.035+0000] {logging_mixin.py:151} INFO -      ✅ Dates converties
[2026-01-26T15:05:43.035+0000] {logging_mixin.py:151} INFO -   4️⃣ Nettoyage des données...
[2026-01-26T15:05:43.040+0000] {logging_mixin.py:151} INFO -      ✅ 1018 → 1018 lignes (après nettoyage)
[2026-01-26T15:05:43.041+0000] {logging_mixin.py:151} INFO -   5️⃣ Connexion à la base de données...
[2026-01-26T15:05:43.044+0000] {logging_mixin.py:151} INFO -      ✅ Connecté
[2026-01-26T15:05:43.044+0000] {logging_mixin.py:151} INFO -   6️⃣ Insertion des données...
[2026-01-26T15:05:43.670+0000] {logging_mixin.py:151} INFO -      ✅ 0 lignes insérées, 1018 doublons ignorés
[2026-01-26T15:05:43.671+0000] {logging_mixin.py:151} INFO -   ✅ Fichier traité avec succès !
[2026-01-26T15:05:43.671+0000] {logging_mixin.py:151} INFO - 
================================================================================
[2026-01-26T15:05:43.672+0000] {logging_mixin.py:151} INFO - RÉSUMÉ FINAL
[2026-01-26T15:05:43.672+0000] {logging_mixin.py:151} INFO - ================================================================================
[2026-01-26T15:05:43.673+0000] {logging_mixin.py:151} INFO - ✅ Succès  : 3 fichiers
[2026-01-26T15:05:43.674+0000] {logging_mixin.py:151} INFO - ❌ Échecs  : 0 fichiers
[2026-01-26T15:05:43.674+0000] {logging_mixin.py:151} INFO - ================================================================================
[2026-01-26T15:05:43.675+0000] {python.py:194} INFO - Done. Returned value was: Done: 3 succeeded, 0 failed
[2026-01-26T15:05:43.704+0000] {taskinstance.py:1398} INFO - Marking task as SUCCESS. dag_id=stock_etl_pipeline, task_id=run_etl_simple, execution_date=20260126T150536, start_date=20260126T150540, end_date=20260126T150543
[2026-01-26T15:05:43.761+0000] {local_task_job_runner.py:228} INFO - Task exited with return code 0
[2026-01-26T15:05:43.782+0000] {taskinstance.py:2776} INFO - 0 downstream tasks scheduled from follow-on schedule check
