[2026-01-26T12:59:41.727+0000] {logging_mixin.py:151} INFO - Changing /opt/***/logs/dag_id=stock_etl_pipeline/run_id=manual__2026-01-26T12:59:31.649277+00:00/task_id=run_stock_etl permission to 509
[2026-01-26T12:59:41.758+0000] {logging_mixin.py:151} INFO - Changing /opt/***/logs/dag_id=stock_etl_pipeline/run_id=manual__2026-01-26T12:59:31.649277+00:00/task_id=run_stock_etl permission to 509
[2026-01-26T12:59:41.796+0000] {taskinstance.py:1157} INFO - Dependencies all met for dep_context=non-requeueable deps ti=<TaskInstance: stock_etl_pipeline.run_stock_etl manual__2026-01-26T12:59:31.649277+00:00 [queued]>
[2026-01-26T12:59:41.806+0000] {taskinstance.py:1157} INFO - Dependencies all met for dep_context=requeueable deps ti=<TaskInstance: stock_etl_pipeline.run_stock_etl manual__2026-01-26T12:59:31.649277+00:00 [queued]>
[2026-01-26T12:59:41.806+0000] {taskinstance.py:1359} INFO - Starting attempt 1 of 3
[2026-01-26T12:59:41.840+0000] {taskinstance.py:1380} INFO - Executing <Task(PythonOperator): run_stock_etl> on 2026-01-26 12:59:31.649277+00:00
[2026-01-26T12:59:41.846+0000] {standard_task_runner.py:57} INFO - Started process 195 to run task
[2026-01-26T12:59:41.851+0000] {standard_task_runner.py:84} INFO - Running: ['***', 'tasks', 'run', 'stock_etl_pipeline', 'run_stock_etl', 'manual__2026-01-26T12:59:31.649277+00:00', '--job-id', '4', '--raw', '--subdir', 'DAGS_FOLDER/stocks.py', '--cfg-path', '/tmp/tmpajep_lgt']
[2026-01-26T12:59:41.856+0000] {standard_task_runner.py:85} INFO - Job 4: Subtask run_stock_etl
[2026-01-26T12:59:41.879+0000] {logging_mixin.py:151} WARNING - /home/***/.local/lib/python3.8/site-packages/***/settings.py:195 DeprecationWarning: The sql_alchemy_conn option in [core] has been moved to the sql_alchemy_conn option in [database] - the old setting has been used, but please update your config.
[2026-01-26T12:59:41.924+0000] {logging_mixin.py:151} INFO - Changing /opt/***/logs/dag_id=stock_etl_pipeline/run_id=manual__2026-01-26T12:59:31.649277+00:00/task_id=run_stock_etl permission to 509
[2026-01-26T12:59:41.930+0000] {task_command.py:415} INFO - Running <TaskInstance: stock_etl_pipeline.run_stock_etl manual__2026-01-26T12:59:31.649277+00:00 [running]> on host b9bc52483606
[2026-01-26T12:59:42.044+0000] {taskinstance.py:1660} INFO - Exporting env vars: AIRFLOW_CTX_DAG_OWNER='mihavana' AIRFLOW_CTX_DAG_ID='stock_etl_pipeline' AIRFLOW_CTX_TASK_ID='run_stock_etl' AIRFLOW_CTX_EXECUTION_DATE='2026-01-26T12:59:31.649277+00:00' AIRFLOW_CTX_TRY_NUMBER='1' AIRFLOW_CTX_DAG_RUN_ID='manual__2026-01-26T12:59:31.649277+00:00'
[2026-01-26T12:59:42.045+0000] {stocks.py:14} INFO - ================================================================================
[2026-01-26T12:59:42.046+0000] {stocks.py:15} INFO - 🔧 WRAPPER : Début de l'exécution
[2026-01-26T12:59:42.046+0000] {stocks.py:16} INFO - ================================================================================
[2026-01-26T12:59:42.046+0000] {stocks.py:19} INFO - 📦 Import du module src.main...
[2026-01-26T12:59:42.534+0000] {stocks.py:21} INFO - ✅ Import réussi
[2026-01-26T12:59:42.535+0000] {stocks.py:24} INFO - 🚀 Lancement du pipeline...
[2026-01-26T12:59:48.209+0000] {local_task_job_runner.py:228} INFO - Task exited with return code -6
[2026-01-26T12:59:48.241+0000] {taskinstance.py:2776} INFO - 0 downstream tasks scheduled from follow-on schedule check
