[2026-01-26T15:04:15.913+0000] {processor.py:157} INFO - Started process (PID=163) to work on /opt/airflow/dags/stock_etl_pipeline.py
[2026-01-26T15:04:15.914+0000] {processor.py:829} INFO - Processing file /opt/airflow/dags/stock_etl_pipeline.py for tasks to queue
[2026-01-26T15:04:15.916+0000] {logging_mixin.py:151} INFO - [2026-01-26T15:04:15.915+0000] {dagbag.py:539} INFO - Filling up the DagBag from /opt/airflow/dags/stock_etl_pipeline.py
[2026-01-26T15:04:15.971+0000] {processor.py:839} INFO - DAG(s) dict_keys(['stock_etl_pipeline']) retrieved from /opt/airflow/dags/stock_etl_pipeline.py
[2026-01-26T15:04:16.477+0000] {logging_mixin.py:151} INFO - [2026-01-26T15:04:16.477+0000] {security.py:708} INFO - Not syncing DAG-level permissions for DAG 'DAG:stock_etl_pipeline' as access control is unset.
[2026-01-26T15:04:16.478+0000] {logging_mixin.py:151} INFO - [2026-01-26T15:04:16.477+0000] {dag.py:2915} INFO - Sync 1 DAGs
[2026-01-26T15:04:16.493+0000] {logging_mixin.py:151} INFO - [2026-01-26T15:04:16.492+0000] {dag.py:3696} INFO - Setting next_dagrun for stock_etl_pipeline to None, run_after=None
[2026-01-26T15:04:16.523+0000] {processor.py:179} INFO - Processing /opt/airflow/dags/stock_etl_pipeline.py took 0.614 seconds
[2026-01-26T15:04:46.688+0000] {processor.py:157} INFO - Started process (PID=176) to work on /opt/airflow/dags/stock_etl_pipeline.py
[2026-01-26T15:04:46.689+0000] {processor.py:829} INFO - Processing file /opt/airflow/dags/stock_etl_pipeline.py for tasks to queue
[2026-01-26T15:04:46.691+0000] {logging_mixin.py:151} INFO - [2026-01-26T15:04:46.690+0000] {dagbag.py:539} INFO - Filling up the DagBag from /opt/airflow/dags/stock_etl_pipeline.py
[2026-01-26T15:04:46.702+0000] {processor.py:839} INFO - DAG(s) dict_keys(['stock_etl_pipeline']) retrieved from /opt/airflow/dags/stock_etl_pipeline.py
[2026-01-26T15:04:46.734+0000] {logging_mixin.py:151} INFO - [2026-01-26T15:04:46.734+0000] {dag.py:2915} INFO - Sync 1 DAGs
[2026-01-26T15:04:46.749+0000] {logging_mixin.py:151} INFO - [2026-01-26T15:04:46.749+0000] {dag.py:3696} INFO - Setting next_dagrun for stock_etl_pipeline to None, run_after=None
[2026-01-26T15:04:46.775+0000] {processor.py:179} INFO - Processing /opt/airflow/dags/stock_etl_pipeline.py took 0.091 seconds
[2026-01-26T15:05:16.850+0000] {processor.py:157} INFO - Started process (PID=189) to work on /opt/airflow/dags/stock_etl_pipeline.py
[2026-01-26T15:05:16.851+0000] {processor.py:829} INFO - Processing file /opt/airflow/dags/stock_etl_pipeline.py for tasks to queue
[2026-01-26T15:05:16.852+0000] {logging_mixin.py:151} INFO - [2026-01-26T15:05:16.851+0000] {dagbag.py:539} INFO - Filling up the DagBag from /opt/airflow/dags/stock_etl_pipeline.py
[2026-01-26T15:05:16.863+0000] {processor.py:839} INFO - DAG(s) dict_keys(['stock_etl_pipeline']) retrieved from /opt/airflow/dags/stock_etl_pipeline.py
[2026-01-26T15:05:16.889+0000] {logging_mixin.py:151} INFO - [2026-01-26T15:05:16.888+0000] {dag.py:2915} INFO - Sync 1 DAGs
[2026-01-26T15:05:16.903+0000] {logging_mixin.py:151} INFO - [2026-01-26T15:05:16.902+0000] {dag.py:3696} INFO - Setting next_dagrun for stock_etl_pipeline to None, run_after=None
[2026-01-26T15:05:16.933+0000] {processor.py:179} INFO - Processing /opt/airflow/dags/stock_etl_pipeline.py took 0.085 seconds
[2026-01-26T15:05:47.007+0000] {processor.py:157} INFO - Started process (PID=204) to work on /opt/airflow/dags/stock_etl_pipeline.py
[2026-01-26T15:05:47.007+0000] {processor.py:829} INFO - Processing file /opt/airflow/dags/stock_etl_pipeline.py for tasks to queue
[2026-01-26T15:05:47.008+0000] {logging_mixin.py:151} INFO - [2026-01-26T15:05:47.008+0000] {dagbag.py:539} INFO - Filling up the DagBag from /opt/airflow/dags/stock_etl_pipeline.py
[2026-01-26T15:05:47.019+0000] {processor.py:839} INFO - DAG(s) dict_keys(['stock_etl_pipeline']) retrieved from /opt/airflow/dags/stock_etl_pipeline.py
[2026-01-26T15:05:47.045+0000] {logging_mixin.py:151} INFO - [2026-01-26T15:05:47.045+0000] {dag.py:2915} INFO - Sync 1 DAGs
[2026-01-26T15:05:47.173+0000] {logging_mixin.py:151} INFO - [2026-01-26T15:05:47.173+0000] {dag.py:3696} INFO - Setting next_dagrun for stock_etl_pipeline to None, run_after=None
[2026-01-26T15:05:47.195+0000] {processor.py:179} INFO - Processing /opt/airflow/dags/stock_etl_pipeline.py took 0.191 seconds
[2026-01-26T15:06:17.277+0000] {processor.py:157} INFO - Started process (PID=217) to work on /opt/airflow/dags/stock_etl_pipeline.py
[2026-01-26T15:06:17.280+0000] {processor.py:829} INFO - Processing file /opt/airflow/dags/stock_etl_pipeline.py for tasks to queue
[2026-01-26T15:06:17.286+0000] {logging_mixin.py:151} INFO - [2026-01-26T15:06:17.284+0000] {dagbag.py:539} INFO - Filling up the DagBag from /opt/airflow/dags/stock_etl_pipeline.py
[2026-01-26T15:06:17.324+0000] {processor.py:839} INFO - DAG(s) dict_keys(['stock_etl_pipeline']) retrieved from /opt/airflow/dags/stock_etl_pipeline.py
[2026-01-26T15:06:17.491+0000] {logging_mixin.py:151} INFO - [2026-01-26T15:06:17.491+0000] {dag.py:2915} INFO - Sync 1 DAGs
[2026-01-26T15:06:17.504+0000] {logging_mixin.py:151} INFO - [2026-01-26T15:06:17.504+0000] {dag.py:3696} INFO - Setting next_dagrun for stock_etl_pipeline to None, run_after=None
[2026-01-26T15:06:17.525+0000] {processor.py:179} INFO - Processing /opt/airflow/dags/stock_etl_pipeline.py took 0.264 seconds
[2026-01-26T15:06:47.626+0000] {processor.py:157} INFO - Started process (PID=233) to work on /opt/airflow/dags/stock_etl_pipeline.py
[2026-01-26T15:06:47.627+0000] {processor.py:829} INFO - Processing file /opt/airflow/dags/stock_etl_pipeline.py for tasks to queue
[2026-01-26T15:06:47.628+0000] {logging_mixin.py:151} INFO - [2026-01-26T15:06:47.627+0000] {dagbag.py:539} INFO - Filling up the DagBag from /opt/airflow/dags/stock_etl_pipeline.py
[2026-01-26T15:06:47.638+0000] {processor.py:839} INFO - DAG(s) dict_keys(['stock_etl_pipeline']) retrieved from /opt/airflow/dags/stock_etl_pipeline.py
[2026-01-26T15:06:47.666+0000] {logging_mixin.py:151} INFO - [2026-01-26T15:06:47.666+0000] {dag.py:2915} INFO - Sync 1 DAGs
[2026-01-26T15:06:47.678+0000] {logging_mixin.py:151} INFO - [2026-01-26T15:06:47.678+0000] {dag.py:3696} INFO - Setting next_dagrun for stock_etl_pipeline to None, run_after=None
[2026-01-26T15:06:47.699+0000] {processor.py:179} INFO - Processing /opt/airflow/dags/stock_etl_pipeline.py took 0.076 seconds
[2026-01-26T15:07:17.779+0000] {processor.py:157} INFO - Started process (PID=246) to work on /opt/airflow/dags/stock_etl_pipeline.py
[2026-01-26T15:07:17.780+0000] {processor.py:829} INFO - Processing file /opt/airflow/dags/stock_etl_pipeline.py for tasks to queue
[2026-01-26T15:07:17.782+0000] {logging_mixin.py:151} INFO - [2026-01-26T15:07:17.781+0000] {dagbag.py:539} INFO - Filling up the DagBag from /opt/airflow/dags/stock_etl_pipeline.py
[2026-01-26T15:07:17.797+0000] {processor.py:839} INFO - DAG(s) dict_keys(['stock_etl_pipeline']) retrieved from /opt/airflow/dags/stock_etl_pipeline.py
[2026-01-26T15:07:17.828+0000] {logging_mixin.py:151} INFO - [2026-01-26T15:07:17.828+0000] {dag.py:2915} INFO - Sync 1 DAGs
[2026-01-26T15:07:17.849+0000] {logging_mixin.py:151} INFO - [2026-01-26T15:07:17.848+0000] {dag.py:3696} INFO - Setting next_dagrun for stock_etl_pipeline to None, run_after=None
[2026-01-26T15:07:17.876+0000] {processor.py:179} INFO - Processing /opt/airflow/dags/stock_etl_pipeline.py took 0.103 seconds
[2026-01-26T15:07:48.020+0000] {processor.py:157} INFO - Started process (PID=251) to work on /opt/airflow/dags/stock_etl_pipeline.py
[2026-01-26T15:07:48.021+0000] {processor.py:829} INFO - Processing file /opt/airflow/dags/stock_etl_pipeline.py for tasks to queue
[2026-01-26T15:07:48.023+0000] {logging_mixin.py:151} INFO - [2026-01-26T15:07:48.022+0000] {dagbag.py:539} INFO - Filling up the DagBag from /opt/airflow/dags/stock_etl_pipeline.py
[2026-01-26T15:07:48.044+0000] {processor.py:839} INFO - DAG(s) dict_keys(['stock_etl_pipeline']) retrieved from /opt/airflow/dags/stock_etl_pipeline.py
[2026-01-26T15:07:48.104+0000] {logging_mixin.py:151} INFO - [2026-01-26T15:07:48.104+0000] {dag.py:2915} INFO - Sync 1 DAGs
[2026-01-26T15:07:48.129+0000] {logging_mixin.py:151} INFO - [2026-01-26T15:07:48.129+0000] {dag.py:3696} INFO - Setting next_dagrun for stock_etl_pipeline to None, run_after=None
[2026-01-26T15:07:48.160+0000] {processor.py:179} INFO - Processing /opt/airflow/dags/stock_etl_pipeline.py took 0.145 seconds
