[2026-01-26T15:06:30.351+0000] {logging_mixin.py:151} INFO - Changing /opt/***/logs/dag_id=stock_etl_pipeline/run_id=manual__2026-01-26T15:06:28.911761+00:00/task_id=run_etl_simple permission to 509
[2026-01-26T15:06:30.392+0000] {logging_mixin.py:151} INFO - Changing /opt/***/logs/dag_id=stock_etl_pipeline/run_id=manual__2026-01-26T15:06:28.911761+00:00/task_id=run_etl_simple permission to 509
[2026-01-26T15:06:30.446+0000] {taskinstance.py:1157} INFO - Dependencies all met for dep_context=non-requeueable deps ti=<TaskInstance: stock_etl_pipeline.run_etl_simple manual__2026-01-26T15:06:28.911761+00:00 [queued]>
[2026-01-26T15:06:30.464+0000] {taskinstance.py:1157} INFO - Dependencies all met for dep_context=requeueable deps ti=<TaskInstance: stock_etl_pipeline.run_etl_simple manual__2026-01-26T15:06:28.911761+00:00 [queued]>
[2026-01-26T15:06:30.465+0000] {taskinstance.py:1359} INFO - Starting attempt 1 of 1
[2026-01-26T15:06:30.499+0000] {taskinstance.py:1380} INFO - Executing <Task(PythonOperator): run_etl_simple> on 2026-01-26 15:06:28.911761+00:00
[2026-01-26T15:06:30.509+0000] {standard_task_runner.py:57} INFO - Started process 223 to run task
[2026-01-26T15:06:30.517+0000] {standard_task_runner.py:84} INFO - Running: ['***', 'tasks', 'run', 'stock_etl_pipeline', 'run_etl_simple', 'manual__2026-01-26T15:06:28.911761+00:00', '--job-id', '33', '--raw', '--subdir', 'DAGS_FOLDER/stock_etl_pipeline.py', '--cfg-path', '/tmp/tmpivbw92gs']
[2026-01-26T15:06:30.520+0000] {standard_task_runner.py:85} INFO - Job 33: Subtask run_etl_simple
[2026-01-26T15:06:30.551+0000] {logging_mixin.py:151} WARNING - /home/***/.local/lib/python3.8/site-packages/***/settings.py:195 DeprecationWarning: The sql_alchemy_conn option in [core] has been moved to the sql_alchemy_conn option in [database] - the old setting has been used, but please update your config.
[2026-01-26T15:06:30.606+0000] {logging_mixin.py:151} INFO - Changing /opt/***/logs/dag_id=stock_etl_pipeline/run_id=manual__2026-01-26T15:06:28.911761+00:00/task_id=run_etl_simple permission to 509
[2026-01-26T15:06:30.608+0000] {task_command.py:415} INFO - Running <TaskInstance: stock_etl_pipeline.run_etl_simple manual__2026-01-26T15:06:28.911761+00:00 [running]> on host 618cd98417d3
[2026-01-26T15:06:30.783+0000] {taskinstance.py:1660} INFO - Exporting env vars: AIRFLOW_CTX_DAG_OWNER='***' AIRFLOW_CTX_DAG_ID='stock_etl_pipeline' AIRFLOW_CTX_TASK_ID='run_etl_simple' AIRFLOW_CTX_EXECUTION_DATE='2026-01-26T15:06:28.911761+00:00' AIRFLOW_CTX_TRY_NUMBER='1' AIRFLOW_CTX_DAG_RUN_ID='manual__2026-01-26T15:06:28.911761+00:00'
[2026-01-26T15:06:31.578+0000] {logging_mixin.py:151} INFO - ================================================================================
[2026-01-26T15:06:31.579+0000] {logging_mixin.py:151} INFO - DÉBUT DU PIPELINE SIMPLE
[2026-01-26T15:06:31.579+0000] {logging_mixin.py:151} INFO - ================================================================================
[2026-01-26T15:06:31.580+0000] {logging_mixin.py:151} INFO - Dossier data : /opt/***/data/raw
[2026-01-26T15:06:31.580+0000] {logging_mixin.py:151} INFO - Existe : True
[2026-01-26T15:06:31.581+0000] {logging_mixin.py:151} INFO - ✅ Trouvé 3 fichiers CSV
[2026-01-26T15:06:31.581+0000] {logging_mixin.py:151} INFO -   - AAPL_2026-01-26 06:13:30.297050+00:00.csv
[2026-01-26T15:06:31.581+0000] {logging_mixin.py:151} INFO -   - GOOGL_2026-01-26 06:13:31.897613+00:00.csv
[2026-01-26T15:06:31.581+0000] {logging_mixin.py:151} INFO -   - MSFT_2026-01-26 06:13:31.074172+00:00.csv
[2026-01-26T15:06:31.582+0000] {logging_mixin.py:151} INFO - 
--------------------------------------------------------------------------------
[2026-01-26T15:06:31.582+0000] {logging_mixin.py:151} INFO - 📄 Traitement de : AAPL_2026-01-26 06:13:30.297050+00:00.csv
[2026-01-26T15:06:31.582+0000] {logging_mixin.py:151} INFO - --------------------------------------------------------------------------------
[2026-01-26T15:06:31.582+0000] {logging_mixin.py:151} INFO -   1️⃣ Lecture du CSV...
[2026-01-26T15:06:31.591+0000] {logging_mixin.py:151} INFO -      ✅ Lu 1018 lignes
[2026-01-26T15:06:31.591+0000] {logging_mixin.py:151} INFO -      Colonnes: ['Date', 'Open', 'High', 'Low', 'Close', 'Volume', 'Dividends', 'Stock Splits', 'symbol', 'extracted_at']
[2026-01-26T15:06:31.592+0000] {logging_mixin.py:151} INFO -   2️⃣ Nettoyage des colonnes...
[2026-01-26T15:06:31.594+0000] {logging_mixin.py:151} INFO -      ✅ Colonnes nettoyées: ['date', 'open', 'high', 'low', 'close', 'volume', 'dividends', 'stock_splits', 'symbol', 'extracted_at']
[2026-01-26T15:06:31.594+0000] {logging_mixin.py:151} INFO -   3️⃣ Conversion des dates...
[2026-01-26T15:06:31.609+0000] {logging_mixin.py:151} INFO -      ✅ Dates converties
[2026-01-26T15:06:31.609+0000] {logging_mixin.py:151} INFO -   4️⃣ Nettoyage des données...
[2026-01-26T15:06:31.619+0000] {logging_mixin.py:151} INFO -      ✅ 1018 → 1018 lignes (après nettoyage)
[2026-01-26T15:06:31.619+0000] {logging_mixin.py:151} INFO -   5️⃣ Connexion à la base de données...
[2026-01-26T15:06:31.623+0000] {logging_mixin.py:151} INFO -      ✅ Connecté
[2026-01-26T15:06:31.624+0000] {logging_mixin.py:151} INFO -   6️⃣ Insertion des données...
[2026-01-26T15:06:32.332+0000] {logging_mixin.py:151} INFO -      ✅ 1018 lignes insérées, 0 doublons ignorés
[2026-01-26T15:06:32.332+0000] {logging_mixin.py:151} INFO -   ✅ Fichier traité avec succès !
[2026-01-26T15:06:32.333+0000] {logging_mixin.py:151} INFO - 
--------------------------------------------------------------------------------
[2026-01-26T15:06:32.333+0000] {logging_mixin.py:151} INFO - 📄 Traitement de : GOOGL_2026-01-26 06:13:31.897613+00:00.csv
[2026-01-26T15:06:32.333+0000] {logging_mixin.py:151} INFO - --------------------------------------------------------------------------------
[2026-01-26T15:06:32.334+0000] {logging_mixin.py:151} INFO -   1️⃣ Lecture du CSV...
[2026-01-26T15:06:32.338+0000] {logging_mixin.py:151} INFO -      ✅ Lu 1018 lignes
[2026-01-26T15:06:32.338+0000] {logging_mixin.py:151} INFO -      Colonnes: ['Date', 'Open', 'High', 'Low', 'Close', 'Volume', 'Dividends', 'Stock Splits', 'symbol', 'extracted_at']
[2026-01-26T15:06:32.339+0000] {logging_mixin.py:151} INFO -   2️⃣ Nettoyage des colonnes...
[2026-01-26T15:06:32.340+0000] {logging_mixin.py:151} INFO -      ✅ Colonnes nettoyées: ['date', 'open', 'high', 'low', 'close', 'volume', 'dividends', 'stock_splits', 'symbol', 'extracted_at']
[2026-01-26T15:06:32.340+0000] {logging_mixin.py:151} INFO -   3️⃣ Conversion des dates...
[2026-01-26T15:06:32.350+0000] {logging_mixin.py:151} INFO -      ✅ Dates converties
[2026-01-26T15:06:32.351+0000] {logging_mixin.py:151} INFO -   4️⃣ Nettoyage des données...
[2026-01-26T15:06:32.356+0000] {logging_mixin.py:151} INFO -      ✅ 1018 → 1018 lignes (après nettoyage)
[2026-01-26T15:06:32.357+0000] {logging_mixin.py:151} INFO -   5️⃣ Connexion à la base de données...
[2026-01-26T15:06:32.360+0000] {logging_mixin.py:151} INFO -      ✅ Connecté
[2026-01-26T15:06:32.361+0000] {logging_mixin.py:151} INFO -   6️⃣ Insertion des données...
[2026-01-26T15:06:32.952+0000] {logging_mixin.py:151} INFO -      ✅ 1018 lignes insérées, 0 doublons ignorés
[2026-01-26T15:06:32.953+0000] {logging_mixin.py:151} INFO -   ✅ Fichier traité avec succès !
[2026-01-26T15:06:32.953+0000] {logging_mixin.py:151} INFO - 
--------------------------------------------------------------------------------
[2026-01-26T15:06:32.953+0000] {logging_mixin.py:151} INFO - 📄 Traitement de : MSFT_2026-01-26 06:13:31.074172+00:00.csv
[2026-01-26T15:06:32.954+0000] {logging_mixin.py:151} INFO - --------------------------------------------------------------------------------
[2026-01-26T15:06:32.954+0000] {logging_mixin.py:151} INFO -   1️⃣ Lecture du CSV...
[2026-01-26T15:06:32.961+0000] {logging_mixin.py:151} INFO -      ✅ Lu 1018 lignes
[2026-01-26T15:06:32.961+0000] {logging_mixin.py:151} INFO -      Colonnes: ['Date', 'Open', 'High', 'Low', 'Close', 'Volume', 'Dividends', 'Stock Splits', 'symbol', 'extracted_at']
[2026-01-26T15:06:32.961+0000] {logging_mixin.py:151} INFO -   2️⃣ Nettoyage des colonnes...
[2026-01-26T15:06:32.962+0000] {logging_mixin.py:151} INFO -      ✅ Colonnes nettoyées: ['date', 'open', 'high', 'low', 'close', 'volume', 'dividends', 'stock_splits', 'symbol', 'extracted_at']
[2026-01-26T15:06:32.963+0000] {logging_mixin.py:151} INFO -   3️⃣ Conversion des dates...
[2026-01-26T15:06:32.969+0000] {logging_mixin.py:151} INFO -      ✅ Dates converties
[2026-01-26T15:06:32.969+0000] {logging_mixin.py:151} INFO -   4️⃣ Nettoyage des données...
[2026-01-26T15:06:32.975+0000] {logging_mixin.py:151} INFO -      ✅ 1018 → 1018 lignes (après nettoyage)
[2026-01-26T15:06:32.976+0000] {logging_mixin.py:151} INFO -   5️⃣ Connexion à la base de données...
[2026-01-26T15:06:32.980+0000] {logging_mixin.py:151} INFO -      ✅ Connecté
[2026-01-26T15:06:32.981+0000] {logging_mixin.py:151} INFO -   6️⃣ Insertion des données...
[2026-01-26T15:06:33.652+0000] {logging_mixin.py:151} INFO -      ✅ 1018 lignes insérées, 0 doublons ignorés
[2026-01-26T15:06:33.653+0000] {logging_mixin.py:151} INFO -   ✅ Fichier traité avec succès !
[2026-01-26T15:06:33.654+0000] {logging_mixin.py:151} INFO - 
================================================================================
[2026-01-26T15:06:33.654+0000] {logging_mixin.py:151} INFO - RÉSUMÉ FINAL
[2026-01-26T15:06:33.654+0000] {logging_mixin.py:151} INFO - ================================================================================
[2026-01-26T15:06:33.655+0000] {logging_mixin.py:151} INFO - ✅ Succès  : 3 fichiers
[2026-01-26T15:06:33.655+0000] {logging_mixin.py:151} INFO - ❌ Échecs  : 0 fichiers
[2026-01-26T15:06:33.656+0000] {logging_mixin.py:151} INFO - ================================================================================
[2026-01-26T15:06:33.657+0000] {python.py:194} INFO - Done. Returned value was: Done: 3 succeeded, 0 failed
[2026-01-26T15:06:33.722+0000] {taskinstance.py:1398} INFO - Marking task as SUCCESS. dag_id=stock_etl_pipeline, task_id=run_etl_simple, execution_date=20260126T150628, start_date=20260126T150630, end_date=20260126T150633
[2026-01-26T15:06:33.813+0000] {local_task_job_runner.py:228} INFO - Task exited with return code 0
[2026-01-26T15:06:33.835+0000] {taskinstance.py:2776} INFO - 0 downstream tasks scheduled from follow-on schedule check
