[2026-01-26T15:02:35.588+0000] {logging_mixin.py:151} INFO - Changing /opt/***/logs/dag_id=stock_etl_simple/run_id=manual__2026-01-26T15:02:33.905999+00:00/task_id=run_etl_simple permission to 509
[2026-01-26T15:02:35.628+0000] {logging_mixin.py:151} INFO - Changing /opt/***/logs/dag_id=stock_etl_simple/run_id=manual__2026-01-26T15:02:33.905999+00:00/task_id=run_etl_simple permission to 509
[2026-01-26T15:02:35.664+0000] {taskinstance.py:1157} INFO - Dependencies all met for dep_context=non-requeueable deps ti=<TaskInstance: stock_etl_simple.run_etl_simple manual__2026-01-26T15:02:33.905999+00:00 [queued]>
[2026-01-26T15:02:35.675+0000] {taskinstance.py:1157} INFO - Dependencies all met for dep_context=requeueable deps ti=<TaskInstance: stock_etl_simple.run_etl_simple manual__2026-01-26T15:02:33.905999+00:00 [queued]>
[2026-01-26T15:02:35.675+0000] {taskinstance.py:1359} INFO - Starting attempt 1 of 1
[2026-01-26T15:02:35.694+0000] {taskinstance.py:1380} INFO - Executing <Task(PythonOperator): run_etl_simple> on 2026-01-26 15:02:33.905999+00:00
[2026-01-26T15:02:35.701+0000] {standard_task_runner.py:57} INFO - Started process 222 to run task
[2026-01-26T15:02:35.704+0000] {standard_task_runner.py:84} INFO - Running: ['***', 'tasks', 'run', 'stock_etl_simple', 'run_etl_simple', 'manual__2026-01-26T15:02:33.905999+00:00', '--job-id', '30', '--raw', '--subdir', 'DAGS_FOLDER/stock_etl_simple.py', '--cfg-path', '/tmp/tmpr0wg9axy']
[2026-01-26T15:02:35.707+0000] {standard_task_runner.py:85} INFO - Job 30: Subtask run_etl_simple
[2026-01-26T15:02:35.727+0000] {logging_mixin.py:151} WARNING - /home/***/.local/lib/python3.8/site-packages/***/settings.py:195 DeprecationWarning: The sql_alchemy_conn option in [core] has been moved to the sql_alchemy_conn option in [database] - the old setting has been used, but please update your config.
[2026-01-26T15:02:35.772+0000] {logging_mixin.py:151} INFO - Changing /opt/***/logs/dag_id=stock_etl_simple/run_id=manual__2026-01-26T15:02:33.905999+00:00/task_id=run_etl_simple permission to 509
[2026-01-26T15:02:35.773+0000] {task_command.py:415} INFO - Running <TaskInstance: stock_etl_simple.run_etl_simple manual__2026-01-26T15:02:33.905999+00:00 [running]> on host 87a1297e9718
[2026-01-26T15:02:35.885+0000] {taskinstance.py:1660} INFO - Exporting env vars: AIRFLOW_CTX_DAG_OWNER='***' AIRFLOW_CTX_DAG_ID='stock_etl_simple' AIRFLOW_CTX_TASK_ID='run_etl_simple' AIRFLOW_CTX_EXECUTION_DATE='2026-01-26T15:02:33.905999+00:00' AIRFLOW_CTX_TRY_NUMBER='1' AIRFLOW_CTX_DAG_RUN_ID='manual__2026-01-26T15:02:33.905999+00:00'
[2026-01-26T15:02:36.431+0000] {logging_mixin.py:151} INFO - ================================================================================
[2026-01-26T15:02:36.431+0000] {logging_mixin.py:151} INFO - DÉBUT DU PIPELINE SIMPLE
[2026-01-26T15:02:36.432+0000] {logging_mixin.py:151} INFO - ================================================================================
[2026-01-26T15:02:36.432+0000] {logging_mixin.py:151} INFO - Dossier data : /opt/***/data/raw
[2026-01-26T15:02:36.432+0000] {logging_mixin.py:151} INFO - Existe : True
[2026-01-26T15:02:36.432+0000] {logging_mixin.py:151} INFO - ✅ Trouvé 3 fichiers CSV
[2026-01-26T15:02:36.433+0000] {logging_mixin.py:151} INFO -   - AAPL_2026-01-26 06:13:30.297050+00:00.csv
[2026-01-26T15:02:36.433+0000] {logging_mixin.py:151} INFO -   - GOOGL_2026-01-26 06:13:31.897613+00:00.csv
[2026-01-26T15:02:36.433+0000] {logging_mixin.py:151} INFO -   - MSFT_2026-01-26 06:13:31.074172+00:00.csv
[2026-01-26T15:02:36.433+0000] {logging_mixin.py:151} INFO - 
--------------------------------------------------------------------------------
[2026-01-26T15:02:36.433+0000] {logging_mixin.py:151} INFO - 📄 Traitement de : AAPL_2026-01-26 06:13:30.297050+00:00.csv
[2026-01-26T15:02:36.433+0000] {logging_mixin.py:151} INFO - --------------------------------------------------------------------------------
[2026-01-26T15:02:36.433+0000] {logging_mixin.py:151} INFO -   1️⃣ Lecture du CSV...
[2026-01-26T15:02:36.440+0000] {logging_mixin.py:151} INFO -      ✅ Lu 1018 lignes
[2026-01-26T15:02:36.440+0000] {logging_mixin.py:151} INFO -      Colonnes: ['Date', 'Open', 'High', 'Low', 'Close', 'Volume', 'Dividends', 'Stock Splits', 'symbol', 'extracted_at']
[2026-01-26T15:02:36.441+0000] {logging_mixin.py:151} INFO -   2️⃣ Nettoyage des colonnes...
[2026-01-26T15:02:36.442+0000] {logging_mixin.py:151} INFO -      ✅ Colonnes nettoyées: ['date', 'open', 'high', 'low', 'close', 'volume', 'dividends', 'stock_splits', 'symbol', 'extracted_at']
[2026-01-26T15:02:36.442+0000] {logging_mixin.py:151} INFO -   3️⃣ Conversion des dates...
[2026-01-26T15:02:36.455+0000] {logging_mixin.py:151} INFO -      ✅ Dates converties
[2026-01-26T15:02:36.455+0000] {logging_mixin.py:151} INFO -   4️⃣ Nettoyage des données...
[2026-01-26T15:02:36.462+0000] {logging_mixin.py:151} INFO -      ✅ 1018 → 1018 lignes (après nettoyage)
[2026-01-26T15:02:36.463+0000] {logging_mixin.py:151} INFO -   5️⃣ Connexion à la base de données...
[2026-01-26T15:02:36.468+0000] {logging_mixin.py:151} INFO -      ✅ Connecté
[2026-01-26T15:02:36.468+0000] {logging_mixin.py:151} INFO -   6️⃣ Insertion des données...
[2026-01-26T15:02:37.057+0000] {logging_mixin.py:151} INFO -      ✅ 1018 lignes insérées, 0 doublons ignorés
[2026-01-26T15:02:37.058+0000] {logging_mixin.py:151} INFO -   ✅ Fichier traité avec succès !
[2026-01-26T15:02:37.059+0000] {logging_mixin.py:151} INFO - 
--------------------------------------------------------------------------------
[2026-01-26T15:02:37.059+0000] {logging_mixin.py:151} INFO - 📄 Traitement de : GOOGL_2026-01-26 06:13:31.897613+00:00.csv
[2026-01-26T15:02:37.060+0000] {logging_mixin.py:151} INFO - --------------------------------------------------------------------------------
[2026-01-26T15:02:37.061+0000] {logging_mixin.py:151} INFO -   1️⃣ Lecture du CSV...
[2026-01-26T15:02:37.066+0000] {logging_mixin.py:151} INFO -      ✅ Lu 1018 lignes
[2026-01-26T15:02:37.066+0000] {logging_mixin.py:151} INFO -      Colonnes: ['Date', 'Open', 'High', 'Low', 'Close', 'Volume', 'Dividends', 'Stock Splits', 'symbol', 'extracted_at']
[2026-01-26T15:02:37.066+0000] {logging_mixin.py:151} INFO -   2️⃣ Nettoyage des colonnes...
[2026-01-26T15:02:37.067+0000] {logging_mixin.py:151} INFO -      ✅ Colonnes nettoyées: ['date', 'open', 'high', 'low', 'close', 'volume', 'dividends', 'stock_splits', 'symbol', 'extracted_at']
[2026-01-26T15:02:37.067+0000] {logging_mixin.py:151} INFO -   3️⃣ Conversion des dates...
[2026-01-26T15:02:37.076+0000] {logging_mixin.py:151} INFO -      ✅ Dates converties
[2026-01-26T15:02:37.077+0000] {logging_mixin.py:151} INFO -   4️⃣ Nettoyage des données...
[2026-01-26T15:02:37.084+0000] {logging_mixin.py:151} INFO -      ✅ 1018 → 1018 lignes (après nettoyage)
[2026-01-26T15:02:37.085+0000] {logging_mixin.py:151} INFO -   5️⃣ Connexion à la base de données...
[2026-01-26T15:02:37.089+0000] {logging_mixin.py:151} INFO -      ✅ Connecté
[2026-01-26T15:02:37.089+0000] {logging_mixin.py:151} INFO -   6️⃣ Insertion des données...
[2026-01-26T15:02:37.648+0000] {logging_mixin.py:151} INFO -      ✅ 1018 lignes insérées, 0 doublons ignorés
[2026-01-26T15:02:37.648+0000] {logging_mixin.py:151} INFO -   ✅ Fichier traité avec succès !
[2026-01-26T15:02:37.649+0000] {logging_mixin.py:151} INFO - 
--------------------------------------------------------------------------------
[2026-01-26T15:02:37.649+0000] {logging_mixin.py:151} INFO - 📄 Traitement de : MSFT_2026-01-26 06:13:31.074172+00:00.csv
[2026-01-26T15:02:37.650+0000] {logging_mixin.py:151} INFO - --------------------------------------------------------------------------------
[2026-01-26T15:02:37.650+0000] {logging_mixin.py:151} INFO -   1️⃣ Lecture du CSV...
[2026-01-26T15:02:37.655+0000] {logging_mixin.py:151} INFO -      ✅ Lu 1018 lignes
[2026-01-26T15:02:37.655+0000] {logging_mixin.py:151} INFO -      Colonnes: ['Date', 'Open', 'High', 'Low', 'Close', 'Volume', 'Dividends', 'Stock Splits', 'symbol', 'extracted_at']
[2026-01-26T15:02:37.656+0000] {logging_mixin.py:151} INFO -   2️⃣ Nettoyage des colonnes...
[2026-01-26T15:02:37.656+0000] {logging_mixin.py:151} INFO -      ✅ Colonnes nettoyées: ['date', 'open', 'high', 'low', 'close', 'volume', 'dividends', 'stock_splits', 'symbol', 'extracted_at']
[2026-01-26T15:02:37.657+0000] {logging_mixin.py:151} INFO -   3️⃣ Conversion des dates...
[2026-01-26T15:02:37.663+0000] {logging_mixin.py:151} INFO -      ✅ Dates converties
[2026-01-26T15:02:37.663+0000] {logging_mixin.py:151} INFO -   4️⃣ Nettoyage des données...
[2026-01-26T15:02:37.671+0000] {logging_mixin.py:151} INFO -      ✅ 1018 → 1018 lignes (après nettoyage)
[2026-01-26T15:02:37.671+0000] {logging_mixin.py:151} INFO -   5️⃣ Connexion à la base de données...
[2026-01-26T15:02:37.675+0000] {logging_mixin.py:151} INFO -      ✅ Connecté
[2026-01-26T15:02:37.675+0000] {logging_mixin.py:151} INFO -   6️⃣ Insertion des données...
[2026-01-26T15:02:38.227+0000] {logging_mixin.py:151} INFO -      ✅ 1018 lignes insérées, 0 doublons ignorés
[2026-01-26T15:02:38.228+0000] {logging_mixin.py:151} INFO -   ✅ Fichier traité avec succès !
[2026-01-26T15:02:38.228+0000] {logging_mixin.py:151} INFO - 
================================================================================
[2026-01-26T15:02:38.228+0000] {logging_mixin.py:151} INFO - RÉSUMÉ FINAL
[2026-01-26T15:02:38.228+0000] {logging_mixin.py:151} INFO - ================================================================================
[2026-01-26T15:02:38.228+0000] {logging_mixin.py:151} INFO - ✅ Succès  : 3 fichiers
[2026-01-26T15:02:38.229+0000] {logging_mixin.py:151} INFO - ❌ Échecs  : 0 fichiers
[2026-01-26T15:02:38.229+0000] {logging_mixin.py:151} INFO - ================================================================================
[2026-01-26T15:02:38.229+0000] {python.py:194} INFO - Done. Returned value was: Done: 3 succeeded, 0 failed
[2026-01-26T15:02:38.258+0000] {taskinstance.py:1398} INFO - Marking task as SUCCESS. dag_id=stock_etl_simple, task_id=run_etl_simple, execution_date=20260126T150233, start_date=20260126T150235, end_date=20260126T150238
[2026-01-26T15:02:38.323+0000] {local_task_job_runner.py:228} INFO - Task exited with return code 0
[2026-01-26T15:02:38.342+0000] {taskinstance.py:2776} INFO - 0 downstream tasks scheduled from follow-on schedule check
