[2026-01-26T15:01:53.444+0000] {logging_mixin.py:151} INFO - Changing /opt/***/logs/dag_id=stock_etl_simple/run_id=manual__2026-01-26T15:01:49.340211+00:00/task_id=run_etl_simple permission to 509
[2026-01-26T15:01:53.497+0000] {logging_mixin.py:151} INFO - Changing /opt/***/logs/dag_id=stock_etl_simple/run_id=manual__2026-01-26T15:01:49.340211+00:00/task_id=run_etl_simple permission to 509
[2026-01-26T15:01:53.547+0000] {taskinstance.py:1157} INFO - Dependencies all met for dep_context=non-requeueable deps ti=<TaskInstance: stock_etl_simple.run_etl_simple manual__2026-01-26T15:01:49.340211+00:00 [queued]>
[2026-01-26T15:01:53.562+0000] {taskinstance.py:1157} INFO - Dependencies all met for dep_context=requeueable deps ti=<TaskInstance: stock_etl_simple.run_etl_simple manual__2026-01-26T15:01:49.340211+00:00 [queued]>
[2026-01-26T15:01:53.563+0000] {taskinstance.py:1359} INFO - Starting attempt 1 of 1
[2026-01-26T15:01:53.613+0000] {taskinstance.py:1380} INFO - Executing <Task(PythonOperator): run_etl_simple> on 2026-01-26 15:01:49.340211+00:00
[2026-01-26T15:01:53.619+0000] {standard_task_runner.py:57} INFO - Started process 192 to run task
[2026-01-26T15:01:53.624+0000] {standard_task_runner.py:84} INFO - Running: ['***', 'tasks', 'run', 'stock_etl_simple', 'run_etl_simple', 'manual__2026-01-26T15:01:49.340211+00:00', '--job-id', '29', '--raw', '--subdir', 'DAGS_FOLDER/stock_etl_simple.py', '--cfg-path', '/tmp/tmpfvxcrez2']
[2026-01-26T15:01:53.629+0000] {standard_task_runner.py:85} INFO - Job 29: Subtask run_etl_simple
[2026-01-26T15:01:53.668+0000] {logging_mixin.py:151} WARNING - /home/***/.local/lib/python3.8/site-packages/***/settings.py:195 DeprecationWarning: The sql_alchemy_conn option in [core] has been moved to the sql_alchemy_conn option in [database] - the old setting has been used, but please update your config.
[2026-01-26T15:01:53.719+0000] {logging_mixin.py:151} INFO - Changing /opt/***/logs/dag_id=stock_etl_simple/run_id=manual__2026-01-26T15:01:49.340211+00:00/task_id=run_etl_simple permission to 509
[2026-01-26T15:01:53.722+0000] {task_command.py:415} INFO - Running <TaskInstance: stock_etl_simple.run_etl_simple manual__2026-01-26T15:01:49.340211+00:00 [running]> on host 87a1297e9718
[2026-01-26T15:01:54.093+0000] {taskinstance.py:1660} INFO - Exporting env vars: AIRFLOW_CTX_DAG_OWNER='***' AIRFLOW_CTX_DAG_ID='stock_etl_simple' AIRFLOW_CTX_TASK_ID='run_etl_simple' AIRFLOW_CTX_EXECUTION_DATE='2026-01-26T15:01:49.340211+00:00' AIRFLOW_CTX_TRY_NUMBER='1' AIRFLOW_CTX_DAG_RUN_ID='manual__2026-01-26T15:01:49.340211+00:00'
[2026-01-26T15:01:56.971+0000] {logging_mixin.py:151} INFO - ================================================================================
[2026-01-26T15:01:56.972+0000] {logging_mixin.py:151} INFO - DÉBUT DU PIPELINE SIMPLE
[2026-01-26T15:01:56.972+0000] {logging_mixin.py:151} INFO - ================================================================================
[2026-01-26T15:01:56.972+0000] {logging_mixin.py:151} INFO - Dossier data : /opt/***/data/raw
[2026-01-26T15:01:56.973+0000] {logging_mixin.py:151} INFO - Existe : True
[2026-01-26T15:01:56.973+0000] {logging_mixin.py:151} INFO - ✅ Trouvé 3 fichiers CSV
[2026-01-26T15:01:56.974+0000] {logging_mixin.py:151} INFO -   - AAPL_2026-01-26 06:13:30.297050+00:00.csv
[2026-01-26T15:01:56.974+0000] {logging_mixin.py:151} INFO -   - GOOGL_2026-01-26 06:13:31.897613+00:00.csv
[2026-01-26T15:01:56.974+0000] {logging_mixin.py:151} INFO -   - MSFT_2026-01-26 06:13:31.074172+00:00.csv
[2026-01-26T15:01:56.974+0000] {logging_mixin.py:151} INFO - 
--------------------------------------------------------------------------------
[2026-01-26T15:01:56.975+0000] {logging_mixin.py:151} INFO - 📄 Traitement de : AAPL_2026-01-26 06:13:30.297050+00:00.csv
[2026-01-26T15:01:56.975+0000] {logging_mixin.py:151} INFO - --------------------------------------------------------------------------------
[2026-01-26T15:01:56.975+0000] {logging_mixin.py:151} INFO -   1️⃣ Lecture du CSV...
[2026-01-26T15:01:56.985+0000] {logging_mixin.py:151} INFO -      ✅ Lu 1018 lignes
[2026-01-26T15:01:56.986+0000] {logging_mixin.py:151} INFO -      Colonnes: ['Date', 'Open', 'High', 'Low', 'Close', 'Volume', 'Dividends', 'Stock Splits', 'symbol', 'extracted_at']
[2026-01-26T15:01:56.986+0000] {logging_mixin.py:151} INFO -   2️⃣ Nettoyage des colonnes...
[2026-01-26T15:01:56.987+0000] {logging_mixin.py:151} INFO -      ✅ Colonnes nettoyées: ['date', 'open', 'high', 'low', 'close', 'volume', 'dividends', 'stock_splits', 'symbol', 'extracted_at']
[2026-01-26T15:01:56.987+0000] {logging_mixin.py:151} INFO -   3️⃣ Conversion des dates...
[2026-01-26T15:01:57.003+0000] {logging_mixin.py:151} INFO -      ✅ Dates converties
[2026-01-26T15:01:57.005+0000] {logging_mixin.py:151} INFO -   4️⃣ Nettoyage des données...
[2026-01-26T15:01:57.014+0000] {logging_mixin.py:151} INFO -      ✅ 1018 → 1018 lignes (après nettoyage)
[2026-01-26T15:01:57.015+0000] {logging_mixin.py:151} INFO -   5️⃣ Connexion à la base de données...
[2026-01-26T15:01:57.020+0000] {logging_mixin.py:151} INFO -      ✅ Connecté
[2026-01-26T15:01:57.022+0000] {logging_mixin.py:151} INFO -   6️⃣ Insertion des données...
[2026-01-26T15:01:57.782+0000] {logging_mixin.py:151} INFO -      ✅ 0 lignes insérées, 1018 doublons ignorés
[2026-01-26T15:01:57.784+0000] {logging_mixin.py:151} INFO -   ✅ Fichier traité avec succès !
[2026-01-26T15:01:57.784+0000] {logging_mixin.py:151} INFO - 
--------------------------------------------------------------------------------
[2026-01-26T15:01:57.785+0000] {logging_mixin.py:151} INFO - 📄 Traitement de : GOOGL_2026-01-26 06:13:31.897613+00:00.csv
[2026-01-26T15:01:57.786+0000] {logging_mixin.py:151} INFO - --------------------------------------------------------------------------------
[2026-01-26T15:01:57.787+0000] {logging_mixin.py:151} INFO -   1️⃣ Lecture du CSV...
[2026-01-26T15:01:57.795+0000] {logging_mixin.py:151} INFO -      ✅ Lu 1018 lignes
[2026-01-26T15:01:57.796+0000] {logging_mixin.py:151} INFO -      Colonnes: ['Date', 'Open', 'High', 'Low', 'Close', 'Volume', 'Dividends', 'Stock Splits', 'symbol', 'extracted_at']
[2026-01-26T15:01:57.796+0000] {logging_mixin.py:151} INFO -   2️⃣ Nettoyage des colonnes...
[2026-01-26T15:01:57.797+0000] {logging_mixin.py:151} INFO -      ✅ Colonnes nettoyées: ['date', 'open', 'high', 'low', 'close', 'volume', 'dividends', 'stock_splits', 'symbol', 'extracted_at']
[2026-01-26T15:01:57.797+0000] {logging_mixin.py:151} INFO -   3️⃣ Conversion des dates...
[2026-01-26T15:01:57.804+0000] {logging_mixin.py:151} INFO -      ✅ Dates converties
[2026-01-26T15:01:57.805+0000] {logging_mixin.py:151} INFO -   4️⃣ Nettoyage des données...
[2026-01-26T15:01:57.811+0000] {logging_mixin.py:151} INFO -      ✅ 1018 → 1018 lignes (après nettoyage)
[2026-01-26T15:01:57.811+0000] {logging_mixin.py:151} INFO -   5️⃣ Connexion à la base de données...
[2026-01-26T15:01:57.816+0000] {logging_mixin.py:151} INFO -      ✅ Connecté
[2026-01-26T15:01:57.816+0000] {logging_mixin.py:151} INFO -   6️⃣ Insertion des données...
[2026-01-26T15:01:58.610+0000] {logging_mixin.py:151} INFO -      ✅ 0 lignes insérées, 1018 doublons ignorés
[2026-01-26T15:01:58.613+0000] {logging_mixin.py:151} INFO -   ✅ Fichier traité avec succès !
[2026-01-26T15:01:58.614+0000] {logging_mixin.py:151} INFO - 
--------------------------------------------------------------------------------
[2026-01-26T15:01:58.614+0000] {logging_mixin.py:151} INFO - 📄 Traitement de : MSFT_2026-01-26 06:13:31.074172+00:00.csv
[2026-01-26T15:01:58.614+0000] {logging_mixin.py:151} INFO - --------------------------------------------------------------------------------
[2026-01-26T15:01:58.615+0000] {logging_mixin.py:151} INFO -   1️⃣ Lecture du CSV...
[2026-01-26T15:01:58.624+0000] {logging_mixin.py:151} INFO -      ✅ Lu 1018 lignes
[2026-01-26T15:01:58.625+0000] {logging_mixin.py:151} INFO -      Colonnes: ['Date', 'Open', 'High', 'Low', 'Close', 'Volume', 'Dividends', 'Stock Splits', 'symbol', 'extracted_at']
[2026-01-26T15:01:58.625+0000] {logging_mixin.py:151} INFO -   2️⃣ Nettoyage des colonnes...
[2026-01-26T15:01:58.627+0000] {logging_mixin.py:151} INFO -      ✅ Colonnes nettoyées: ['date', 'open', 'high', 'low', 'close', 'volume', 'dividends', 'stock_splits', 'symbol', 'extracted_at']
[2026-01-26T15:01:58.628+0000] {logging_mixin.py:151} INFO -   3️⃣ Conversion des dates...
[2026-01-26T15:01:58.639+0000] {logging_mixin.py:151} INFO -      ✅ Dates converties
[2026-01-26T15:01:58.640+0000] {logging_mixin.py:151} INFO -   4️⃣ Nettoyage des données...
[2026-01-26T15:01:58.653+0000] {logging_mixin.py:151} INFO -      ✅ 1018 → 1018 lignes (après nettoyage)
[2026-01-26T15:01:58.656+0000] {logging_mixin.py:151} INFO -   5️⃣ Connexion à la base de données...
[2026-01-26T15:01:58.663+0000] {logging_mixin.py:151} INFO -      ✅ Connecté
[2026-01-26T15:01:58.669+0000] {logging_mixin.py:151} INFO -   6️⃣ Insertion des données...
[2026-01-26T15:01:59.567+0000] {logging_mixin.py:151} INFO -      ✅ 0 lignes insérées, 1018 doublons ignorés
[2026-01-26T15:01:59.568+0000] {logging_mixin.py:151} INFO -   ✅ Fichier traité avec succès !
[2026-01-26T15:01:59.569+0000] {logging_mixin.py:151} INFO - 
================================================================================
[2026-01-26T15:01:59.569+0000] {logging_mixin.py:151} INFO - RÉSUMÉ FINAL
[2026-01-26T15:01:59.569+0000] {logging_mixin.py:151} INFO - ================================================================================
[2026-01-26T15:01:59.570+0000] {logging_mixin.py:151} INFO - ✅ Succès  : 3 fichiers
[2026-01-26T15:01:59.570+0000] {logging_mixin.py:151} INFO - ❌ Échecs  : 0 fichiers
[2026-01-26T15:01:59.570+0000] {logging_mixin.py:151} INFO - ================================================================================
[2026-01-26T15:01:59.571+0000] {python.py:194} INFO - Done. Returned value was: Done: 3 succeeded, 0 failed
[2026-01-26T15:01:59.614+0000] {taskinstance.py:1398} INFO - Marking task as SUCCESS. dag_id=stock_etl_simple, task_id=run_etl_simple, execution_date=20260126T150149, start_date=20260126T150153, end_date=20260126T150159
[2026-01-26T15:01:59.673+0000] {local_task_job_runner.py:228} INFO - Task exited with return code 0
[2026-01-26T15:01:59.698+0000] {taskinstance.py:2776} INFO - 0 downstream tasks scheduled from follow-on schedule check
